[debug] [2026-03-28T17:51:30.636Z] ----------------------------------------------------------------------
[debug] [2026-03-28T17:51:30.637Z] Command:       /Users/shazrasheed/.nvm/versions/node/v24.13.1/bin/node /Users/shazrasheed/.nvm/versions/node/v24.13.1/bin/firebase deploy
[debug] [2026-03-28T17:51:30.637Z] CLI Version:   15.7.0
[debug] [2026-03-28T17:51:30.637Z] Platform:      darwin
[debug] [2026-03-28T17:51:30.637Z] Node Version:  v24.13.1
[debug] [2026-03-28T17:51:30.637Z] Time:          Sat Mar 28 2026 23:21:30 GMT+0530 (India Standard Time)
[debug] [2026-03-28T17:51:30.637Z] ----------------------------------------------------------------------
[debug] 
[debug] [2026-03-28T17:51:31.247Z] > command requires scopes: ["email","openid","https://www.googleapis.com/auth/cloudplatformprojects.readonly","https://www.googleapis.com/auth/firebase","https://www.googleapis.com/auth/cloud-platform"]
[debug] [2026-03-28T17:51:31.247Z] > authorizing via signed-in user (ibfapp2026@gmail.com)
[debug] [2026-03-28T17:51:31.247Z] [iam] checking project asset-management-system-622c2 for permissions ["firebase.projects.get","firebasehosting.sites.update"]
[debug] [2026-03-28T17:51:31.248Z] Checked if tokens are valid: true, expires at: 1774721508541
[debug] [2026-03-28T17:51:31.248Z] Checked if tokens are valid: true, expires at: 1774721508541
[debug] [2026-03-28T17:51:31.248Z] >>> [apiv2][query] POST https://cloudresourcemanager.googleapis.com/v1/projects/asset-management-system-622c2:testIamPermissions [none]
[debug] [2026-03-28T17:51:31.248Z] >>> [apiv2][(partial)header] POST https://cloudresourcemanager.googleapis.com/v1/projects/asset-management-system-622c2:testIamPermissions  x-goog-user-project=asset-management-system-622c2
[debug] [2026-03-28T17:51:31.248Z] >>> [apiv2][body] POST https://cloudresourcemanager.googleapis.com/v1/projects/asset-management-system-622c2:testIamPermissions {"permissions":["firebase.projects.get","firebasehosting.sites.update"]}
[debug] [2026-03-28T17:51:32.699Z] <<< [apiv2][status] POST https://cloudresourcemanager.googleapis.com/v1/projects/asset-management-system-622c2:testIamPermissions 200
[debug] [2026-03-28T17:51:32.699Z] <<< [apiv2][body] POST https://cloudresourcemanager.googleapis.com/v1/projects/asset-management-system-622c2:testIamPermissions {"permissions":["firebase.projects.get","firebasehosting.sites.update"]}
[debug] [2026-03-28T17:51:32.699Z] Checked if tokens are valid: true, expires at: 1774721508541
[debug] [2026-03-28T17:51:32.699Z] Checked if tokens are valid: true, expires at: 1774721508541
[debug] [2026-03-28T17:51:32.700Z] >>> [apiv2][query] GET https://firebase.googleapis.com/v1beta1/projects/asset-management-system-622c2 [none]
[debug] [2026-03-28T17:51:33.284Z] <<< [apiv2][status] GET https://firebase.googleapis.com/v1beta1/projects/asset-management-system-622c2 200
[debug] [2026-03-28T17:51:33.285Z] <<< [apiv2][body] GET https://firebase.googleapis.com/v1beta1/projects/asset-management-system-622c2 {"projectId":"asset-management-system-622c2","projectNumber":"145560718311","displayName":"asset-management-system","name":"projects/asset-management-system-622c2","resources":{"hostingSite":"asset-management-system-622c2"},"state":"ACTIVE","etag":"1_008cab77-bbb6-4c47-8cfb-d3510f28c4b2"}
[info] 
[info] === Deploying to 'asset-management-system-622c2'...
[info] 
[info] i  deploying hosting 
[debug] [2026-03-28T17:51:33.290Z] Checked if tokens are valid: true, expires at: 1774721508541
[debug] [2026-03-28T17:51:33.290Z] Checked if tokens are valid: true, expires at: 1774721508541
[debug] [2026-03-28T17:51:33.290Z] >>> [apiv2][query] POST https://firebasehosting.googleapis.com/v1beta1/projects/-/sites/asset-management-system-622c2/versions [none]
[debug] [2026-03-28T17:51:33.290Z] >>> [apiv2][body] POST https://firebasehosting.googleapis.com/v1beta1/projects/-/sites/asset-management-system-622c2/versions {"status":"CREATED","labels":{"deployment-tool":"cli-firebase"}}
