[debug] [2026-03-26T17:09:57.927Z] ----------------------------------------------------------------------
[debug] [2026-03-26T17:09:57.928Z] Command:       /Users/shazrasheed/.nvm/versions/node/v24.13.1/bin/node /Users/shazrasheed/.nvm/versions/node/v24.13.1/bin/firebase deploy --only storage
[debug] [2026-03-26T17:09:57.928Z] CLI Version:   15.7.0
[debug] [2026-03-26T17:09:57.928Z] Platform:      darwin
[debug] [2026-03-26T17:09:57.928Z] Node Version:  v24.13.1
[debug] [2026-03-26T17:09:57.928Z] Time:          Thu Mar 26 2026 22:39:57 GMT+0530 (India Standard Time)
[debug] [2026-03-26T17:09:57.928Z] ----------------------------------------------------------------------
[debug] 
[debug] [2026-03-26T17:09:58.481Z] > command requires scopes: ["email","openid","https://www.googleapis.com/auth/cloudplatformprojects.readonly","https://www.googleapis.com/auth/firebase","https://www.googleapis.com/auth/cloud-platform"]
[debug] [2026-03-26T17:09:58.481Z] > authorizing via signed-in user (ibfapp2026@gmail.com)
[debug] [2026-03-26T17:09:58.481Z] [iam] checking project asset-management-system-622c2 for permissions ["firebase.projects.get","firebaserules.releases.create","firebaserules.releases.update","firebaserules.rulesets.create"]
[debug] [2026-03-26T17:09:58.481Z] Checked if tokens are valid: true, expires at: 1774546198824
[debug] [2026-03-26T17:09:58.481Z] Checked if tokens are valid: true, expires at: 1774546198824
[debug] [2026-03-26T17:09:58.482Z] >>> [apiv2][query] POST https://cloudresourcemanager.googleapis.com/v1/projects/asset-management-system-622c2:testIamPermissions [none]
[debug] [2026-03-26T17:09:58.482Z] >>> [apiv2][(partial)header] POST https://cloudresourcemanager.googleapis.com/v1/projects/asset-management-system-622c2:testIamPermissions  x-goog-user-project=asset-management-system-622c2
[debug] [2026-03-26T17:09:58.482Z] >>> [apiv2][body] POST https://cloudresourcemanager.googleapis.com/v1/projects/asset-management-system-622c2:testIamPermissions {"permissions":["firebase.projects.get","firebaserules.releases.create","firebaserules.releases.update","firebaserules.rulesets.create"]}
[debug] [2026-03-26T17:10:00.089Z] <<< [apiv2][status] POST https://cloudresourcemanager.googleapis.com/v1/projects/asset-management-system-622c2:testIamPermissions 200
[debug] [2026-03-26T17:10:00.089Z] <<< [apiv2][body] POST https://cloudresourcemanager.googleapis.com/v1/projects/asset-management-system-622c2:testIamPermissions {"permissions":["firebase.projects.get","firebaserules.releases.create","firebaserules.releases.update","firebaserules.rulesets.create"]}
[info] 
[info] === Deploying to 'asset-management-system-622c2'...
[info] 
[info] i  deploying storage 
[info] i  storage: ensuring required API firebasestorage.googleapis.com is enabled... 
[debug] [2026-03-26T17:10:00.092Z] Checked if tokens are valid: true, expires at: 1774546198824
[debug] [2026-03-26T17:10:00.092Z] Checked if tokens are valid: true, expires at: 1774546198824
[debug] [2026-03-26T17:10:00.092Z] >>> [apiv2][query] GET https://firebasestorage.googleapis.com/v1alpha/projects/asset-management-system-622c2/defaultBucket [none]
[debug] [2026-03-26T17:10:00.859Z] <<< [apiv2][status] GET https://firebasestorage.googleapis.com/v1alpha/projects/asset-management-system-622c2/defaultBucket 200
[debug] [2026-03-26T17:10:00.859Z] <<< [apiv2][body] GET https://firebasestorage.googleapis.com/v1alpha/projects/asset-management-system-622c2/defaultBucket {"name":"projects/asset-management-system-622c2/defaultBucket","location":"US-CENTRAL1","bucket":{"name":"projects/asset-management-system-622c2/buckets/asset-management-system-622c2.firebasestorage.app"},"storageClass":"REGIONAL"}
[info] i  firebase.storage: checking storage.rules for compilation errors... 
[debug] [2026-03-26T17:10:00.860Z] Checked if tokens are valid: true, expires at: 1774546198824
[debug] [2026-03-26T17:10:00.860Z] Checked if tokens are valid: true, expires at: 1774546198824
[debug] [2026-03-26T17:10:00.860Z] >>> [apiv2][query] POST https://firebaserules.googleapis.com/v1/projects/asset-management-system-622c2:test [none]
[debug] [2026-03-26T17:10:00.860Z] >>> [apiv2][body] POST https://firebaserules.googleapis.com/v1/projects/asset-management-system-622c2:test [omitted]
[debug] [2026-03-26T17:10:02.347Z] <<< [apiv2][status] POST https://firebaserules.googleapis.com/v1/projects/asset-management-system-622c2:test 200
[debug] [2026-03-26T17:10:02.347Z] <<< [apiv2][body] POST https://firebaserules.googleapis.com/v1/projects/asset-management-system-622c2:test {}
[info] ✔  firebase.storage: rules file storage.rules compiled successfully 
[debug] [2026-03-26T17:10:02.347Z] Checked if tokens are valid: true, expires at: 1774546198824
[debug] [2026-03-26T17:10:02.348Z] Checked if tokens are valid: true, expires at: 1774546198824
[debug] [2026-03-26T17:10:02.348Z] >>> [apiv2][query] GET https://firebaserules.googleapis.com/v1/projects/asset-management-system-622c2/releases pageSize=10&pageToken=
[debug] [2026-03-26T17:10:03.676Z] <<< [apiv2][status] GET https://firebaserules.googleapis.com/v1/projects/asset-management-system-622c2/releases 200
[debug] [2026-03-26T17:10:03.676Z] <<< [apiv2][body] GET https://firebaserules.googleapis.com/v1/projects/asset-management-system-622c2/releases {"releases":[{"name":"projects/asset-management-system-622c2/releases/cloud.firestore","rulesetName":"projects/asset-management-system-622c2/rulesets/7c342cc4-a119-4a37-93d7-e823dea0110b","createTime":"2026-02-07T18:04:42.297668Z","updateTime":"2026-03-26T17:05:51.963080Z"},{"name":"projects/asset-management-system-622c2/releases/firebase.storage/asset-management-system-622c2.firebasestorage.app","rulesetName":"projects/asset-management-system-622c2/rulesets/bea4bc01-90d3-4515-a18d-f9ee8681adcc","createTime":"2026-02-07T12:17:47.052266Z","updateTime":"2026-03-14T13:15:10.148317Z"}]}
[debug] [2026-03-26T17:10:03.687Z] Checked if tokens are valid: true, expires at: 1774546198824
[debug] [2026-03-26T17:10:03.687Z] Checked if tokens are valid: true, expires at: 1774546198824
[debug] [2026-03-26T17:10:03.687Z] >>> [apiv2][query] GET https://firebaserules.googleapis.com/v1/projects/asset-management-system-622c2/rulesets/bea4bc01-90d3-4515-a18d-f9ee8681adcc [none]
[debug] [2026-03-26T17:10:05.160Z] <<< [apiv2][status] GET https://firebaserules.googleapis.com/v1/projects/asset-management-system-622c2/rulesets/bea4bc01-90d3-4515-a18d-f9ee8681adcc 200
[debug] [2026-03-26T17:10:05.160Z] <<< [apiv2][body] GET https://firebaserules.googleapis.com/v1/projects/asset-management-system-622c2/rulesets/bea4bc01-90d3-4515-a18d-f9ee8681adcc [omitted]
[info] i  storage: latest version of storage.rules already up to date, skipping upload... 
[debug] [2026-03-26T17:10:05.161Z] [rules] releasing firebase.storage/asset-management-system-622c2.firebasestorage.app with ruleset projects/asset-management-system-622c2/rulesets/bea4bc01-90d3-4515-a18d-f9ee8681adcc
[debug] [2026-03-26T17:10:05.161Z] Checked if tokens are valid: true, expires at: 1774546198824
[debug] [2026-03-26T17:10:05.161Z] Checked if tokens are valid: true, expires at: 1774546198824
[debug] [2026-03-26T17:10:05.161Z] >>> [apiv2][query] PATCH https://firebaserules.googleapis.com/v1/projects/asset-management-system-622c2/releases/firebase.storage/asset-management-system-622c2.firebasestorage.app [none]
[debug] [2026-03-26T17:10:05.161Z] >>> [apiv2][body] PATCH https://firebaserules.googleapis.com/v1/projects/asset-management-system-622c2/releases/firebase.storage/asset-management-system-622c2.firebasestorage.app {"release":{"name":"projects/asset-management-system-622c2/releases/firebase.storage/asset-management-system-622c2.firebasestorage.app","rulesetName":"projects/asset-management-system-622c2/rulesets/bea4bc01-90d3-4515-a18d-f9ee8681adcc"}}
